Error: ENOENT: no such file or directory, open './memes/memes.json' 
,
